Disk Report - Thu Sep 25 12:46:21 PM EDT 2025
Filesystem      Size  Used Avail Use% Mounted on
tmpfs           326M  2.2M  324M   1% /run
/dev/sda2        25G   11G   13G  45% /
tmpfs           1.6G     0  1.6G   0% /dev/shm
tmpfs           5.0M  8.0K  5.0M   1% /run/lock
tmpfs           1.6G  7.4M  1.6G   1% /tmp
tmpfs           1.0M     0  1.0M   0% /run/credentials/systemd-resolved.service
/dev/sr1        5.9G  5.9G     0 100% /media/jether/Ubuntu 25.04 amd64
/dev/sr0        100M  100M     0 100% /media/jether/CDROM
tmpfs           1.0M     0  1.0M   0% /run/credentials/systemd-journald.service
/dev/fd0        1.4M  9.0K  1.4M   1% /media/jether/disk
tmpfs           326M  140K  326M   1% /run/user/1000
------------------------
Disk Report - Thu Sep 25 12:55:01 PM EDT 2025
Filesystem      Size  Used Avail Use% Mounted on
tmpfs           326M  2.2M  324M   1% /run
/dev/sda2        25G   11G   13G  45% /
tmpfs           1.6G     0  1.6G   0% /dev/shm
tmpfs           5.0M  8.0K  5.0M   1% /run/lock
tmpfs           1.6G  7.4M  1.6G   1% /tmp
tmpfs           1.0M     0  1.0M   0% /run/credentials/systemd-resolved.service
/dev/sr1        5.9G  5.9G     0 100% /media/jether/Ubuntu 25.04 amd64
/dev/sr0        100M  100M     0 100% /media/jether/CDROM
tmpfs           1.0M     0  1.0M   0% /run/credentials/systemd-journald.service
/dev/fd0        1.4M  9.0K  1.4M   1% /media/jether/disk
tmpfs           326M  144K  326M   1% /run/user/1000
------------------------
Disk Report - Thu Sep 25 04:35:01 PM EDT 2025
Filesystem      Size  Used Avail Use% Mounted on
tmpfs           326M  2.2M  324M   1% /run
/dev/sda2        25G   11G   13G  45% /
tmpfs           1.6G     0  1.6G   0% /dev/shm
tmpfs           5.0M  8.0K  5.0M   1% /run/lock
tmpfs           1.6G  7.4M  1.6G   1% /tmp
tmpfs           1.0M     0  1.0M   0% /run/credentials/systemd-resolved.service
/dev/sr1        5.9G  5.9G     0 100% /media/jether/Ubuntu 25.04 amd64
/dev/sr0        100M  100M     0 100% /media/jether/CDROM
tmpfs           1.0M     0  1.0M   0% /run/credentials/systemd-journald.service
/dev/fd0        1.4M  9.0K  1.4M   1% /media/jether/disk
tmpfs           326M  140K  326M   1% /run/user/1000
------------------------
Disk Report - Thu Sep 25 04:40:01 PM EDT 2025
Filesystem      Size  Used Avail Use% Mounted on
tmpfs           326M  2.2M  324M   1% /run
/dev/sda2        25G   11G   13G  46% /
tmpfs           1.6G     0  1.6G   0% /dev/shm
tmpfs           5.0M  8.0K  5.0M   1% /run/lock
tmpfs           1.6G  7.4M  1.6G   1% /tmp
tmpfs           1.0M     0  1.0M   0% /run/credentials/systemd-resolved.service
/dev/sr1        5.9G  5.9G     0 100% /media/jether/Ubuntu 25.04 amd64
/dev/sr0        100M  100M     0 100% /media/jether/CDROM
tmpfs           1.0M     0  1.0M   0% /run/credentials/systemd-journald.service
/dev/fd0        1.4M  9.0K  1.4M   1% /media/jether/disk
tmpfs           326M  140K  326M   1% /run/user/1000
------------------------
Disk Report - Thu Sep 25 04:45:01 PM EDT 2025
Filesystem      Size  Used Avail Use% Mounted on
tmpfs           326M  2.2M  324M   1% /run
/dev/sda2        25G   11G   13G  46% /
tmpfs           1.6G     0  1.6G   0% /dev/shm
tmpfs           5.0M  8.0K  5.0M   1% /run/lock
tmpfs           1.6G  7.4M  1.6G   1% /tmp
tmpfs           1.0M     0  1.0M   0% /run/credentials/systemd-resolved.service
/dev/sr1        5.9G  5.9G     0 100% /media/jether/Ubuntu 25.04 amd64
/dev/sr0        100M  100M     0 100% /media/jether/CDROM
tmpfs           1.0M     0  1.0M   0% /run/credentials/systemd-journald.service
/dev/fd0        1.4M  9.0K  1.4M   1% /media/jether/disk
tmpfs           326M  140K  326M   1% /run/user/1000
------------------------
Disk Report - Thu Sep 25 04:50:01 PM EDT 2025
Filesystem      Size  Used Avail Use% Mounted on
tmpfs           326M  2.2M  324M   1% /run
/dev/sda2        25G   11G   13G  46% /
tmpfs           1.6G     0  1.6G   0% /dev/shm
tmpfs           5.0M  8.0K  5.0M   1% /run/lock
tmpfs           1.6G  7.4M  1.6G   1% /tmp
tmpfs           1.0M     0  1.0M   0% /run/credentials/systemd-resolved.service
/dev/sr1        5.9G  5.9G     0 100% /media/jether/Ubuntu 25.04 amd64
/dev/sr0        100M  100M     0 100% /media/jether/CDROM
tmpfs           1.0M     0  1.0M   0% /run/credentials/systemd-journald.service
/dev/fd0        1.4M  9.0K  1.4M   1% /media/jether/disk
tmpfs           326M  140K  326M   1% /run/user/1000
------------------------
Disk Report - Thu Sep 25 04:55:01 PM EDT 2025
Filesystem      Size  Used Avail Use% Mounted on
tmpfs           326M  2.2M  324M   1% /run
/dev/sda2        25G   11G   13G  46% /
tmpfs           1.6G     0  1.6G   0% /dev/shm
tmpfs           5.0M  8.0K  5.0M   1% /run/lock
tmpfs           1.6G  7.4M  1.6G   1% /tmp
tmpfs           1.0M     0  1.0M   0% /run/credentials/systemd-resolved.service
/dev/sr1        5.9G  5.9G     0 100% /media/jether/Ubuntu 25.04 amd64
/dev/sr0        100M  100M     0 100% /media/jether/CDROM
tmpfs           1.0M     0  1.0M   0% /run/credentials/systemd-journald.service
/dev/fd0        1.4M  9.0K  1.4M   1% /media/jether/disk
tmpfs           326M  140K  326M   1% /run/user/1000
------------------------
